

================================================================
== Vivado HLS Report for 'example'
================================================================
* Date:           Wed May  7 20:51:20 2025

* Version:        2020.1 (Build 2897737 on Wed May 27 20:21:37 MDT 2020)
* Project:        example_8
* Solution:       solution1
* Product family: virtexuplus
* Target device:  xcvu9p-flga2104-1-i


================================================================
== Performance Estimates
================================================================
+ Timing: 
    * Summary: 
    +--------+----------+----------+------------+
    |  Clock |  Target  | Estimated| Uncertainty|
    +--------+----------+----------+------------+
    |ap_clk  | 10.00 ns | 8.153 ns |   1.25 ns  |
    +--------+----------+----------+------------+

+ Latency: 
    * Summary: 
    +---------+---------+-----------+-----------+------+------+---------+
    |  Latency (cycles) |   Latency (absolute)  |   Interval  | Pipeline|
    |   min   |   max   |    min    |    max    |  min |  max |   Type  |
    +---------+---------+-----------+-----------+------+------+---------+
    |     4099|     4099| 40.990 us | 40.990 us |  4099|  4099|   none  |
    +---------+---------+-----------+-----------+------+------+---------+

    + Detail: 
        * Instance: 
        N/A

        * Loop: 
        +----------+---------+---------+----------+-----------+-----------+------+----------+
        |          |  Latency (cycles) | Iteration|  Initiation Interval  | Trip |          |
        | Loop Name|   min   |   max   |  Latency |  achieved |   target  | Count| Pipelined|
        +----------+---------+---------+----------+-----------+-----------+------+----------+
        |- Loop 1  |     4097|     4097|         3|          1|          1|  4096|    yes   |
        +----------+---------+---------+----------+-----------+-----------+------+----------+



================================================================
== Utilization Estimates
================================================================
* Summary: 
+---------------------+---------+-------+---------+---------+-----+
|         Name        | BRAM_18K| DSP48E|    FF   |   LUT   | URAM|
+---------------------+---------+-------+---------+---------+-----+
|DSP                  |        -|      -|        -|        -|    -|
|Expression           |        -|    192|        0|     3535|    -|
|FIFO                 |        -|      -|        -|        -|    -|
|Instance             |        -|      -|        -|        -|    -|
|Memory               |        -|      -|        -|        -|    -|
|Multiplexer          |        -|      -|        -|       75|    -|
|Register             |        -|      -|      419|        -|    -|
+---------------------+---------+-------+---------+---------+-----+
|Total                |        0|    192|      419|     3610|    0|
+---------------------+---------+-------+---------+---------+-----+
|Available SLR        |     1440|   2280|   788160|   394080|  320|
+---------------------+---------+-------+---------+---------+-----+
|Utilization SLR (%)  |        0|      8|    ~0   |    ~0   |    0|
+---------------------+---------+-------+---------+---------+-----+
|Available            |     4320|   6840|  2364480|  1182240|  960|
+---------------------+---------+-------+---------+---------+-----+
|Utilization (%)      |        0|      2|    ~0   |    ~0   |    0|
+---------------------+---------+-------+---------+---------+-----+

+ Detail: 
    * Instance: 
    N/A

    * DSP48E: 
    N/A

    * Memory: 
    N/A

    * FIFO: 
    N/A

    * Expression: 
    +--------------------------+----------+-------+---+----+------------+------------+
    |       Variable Name      | Operation| DSP48E| FF| LUT| Bitwidth P0| Bitwidth P1|
    +--------------------------+----------+-------+---+----+------------+------------+
    |mul_ln700_10_fu_3323_p2   |     *    |      3|  0|  20|          32|          32|
    |mul_ln700_11_fu_3329_p2   |     *    |      3|  0|  20|          32|          32|
    |mul_ln700_12_fu_3335_p2   |     *    |      3|  0|  20|          32|          32|
    |mul_ln700_13_fu_3341_p2   |     *    |      3|  0|  20|          32|          32|
    |mul_ln700_14_fu_3347_p2   |     *    |      3|  0|  20|          32|          32|
    |mul_ln700_15_fu_3353_p2   |     *    |      3|  0|  20|          32|          32|
    |mul_ln700_16_fu_3359_p2   |     *    |      3|  0|  20|          32|          32|
    |mul_ln700_17_fu_3365_p2   |     *    |      3|  0|  20|          32|          32|
    |mul_ln700_18_fu_3371_p2   |     *    |      3|  0|  20|          32|          32|
    |mul_ln700_19_fu_3377_p2   |     *    |      3|  0|  20|          32|          32|
    |mul_ln700_1_fu_3269_p2    |     *    |      3|  0|  20|          32|          32|
    |mul_ln700_20_fu_3383_p2   |     *    |      3|  0|  20|          32|          32|
    |mul_ln700_21_fu_3389_p2   |     *    |      3|  0|  20|          32|          32|
    |mul_ln700_22_fu_3395_p2   |     *    |      3|  0|  20|          32|          32|
    |mul_ln700_23_fu_3401_p2   |     *    |      3|  0|  20|          32|          32|
    |mul_ln700_24_fu_3407_p2   |     *    |      3|  0|  20|          32|          32|
    |mul_ln700_25_fu_3413_p2   |     *    |      3|  0|  20|          32|          32|
    |mul_ln700_26_fu_3419_p2   |     *    |      3|  0|  20|          32|          32|
    |mul_ln700_27_fu_3425_p2   |     *    |      3|  0|  20|          32|          32|
    |mul_ln700_28_fu_3431_p2   |     *    |      3|  0|  20|          32|          32|
    |mul_ln700_29_fu_3437_p2   |     *    |      3|  0|  20|          32|          32|
    |mul_ln700_2_fu_3275_p2    |     *    |      3|  0|  20|          32|          32|
    |mul_ln700_30_fu_3443_p2   |     *    |      3|  0|  20|          32|          32|
    |mul_ln700_31_fu_3449_p2   |     *    |      3|  0|  20|          32|          32|
    |mul_ln700_32_fu_3455_p2   |     *    |      3|  0|  20|          32|          32|
    |mul_ln700_33_fu_3461_p2   |     *    |      3|  0|  20|          32|          32|
    |mul_ln700_34_fu_3467_p2   |     *    |      3|  0|  20|          32|          32|
    |mul_ln700_35_fu_3473_p2   |     *    |      3|  0|  20|          32|          32|
    |mul_ln700_36_fu_3479_p2   |     *    |      3|  0|  20|          32|          32|
    |mul_ln700_37_fu_3485_p2   |     *    |      3|  0|  20|          32|          32|
    |mul_ln700_38_fu_3491_p2   |     *    |      3|  0|  20|          32|          32|
    |mul_ln700_39_fu_3497_p2   |     *    |      3|  0|  20|          32|          32|
    |mul_ln700_3_fu_3281_p2    |     *    |      3|  0|  20|          32|          32|
    |mul_ln700_40_fu_3503_p2   |     *    |      3|  0|  20|          32|          32|
    |mul_ln700_41_fu_3509_p2   |     *    |      3|  0|  20|          32|          32|
    |mul_ln700_42_fu_3515_p2   |     *    |      3|  0|  20|          32|          32|
    |mul_ln700_43_fu_3521_p2   |     *    |      3|  0|  20|          32|          32|
    |mul_ln700_44_fu_3527_p2   |     *    |      3|  0|  20|          32|          32|
    |mul_ln700_45_fu_3533_p2   |     *    |      3|  0|  20|          32|          32|
    |mul_ln700_46_fu_3539_p2   |     *    |      3|  0|  20|          32|          32|
    |mul_ln700_47_fu_3545_p2   |     *    |      3|  0|  20|          32|          32|
    |mul_ln700_48_fu_3551_p2   |     *    |      3|  0|  20|          32|          32|
    |mul_ln700_49_fu_3557_p2   |     *    |      3|  0|  20|          32|          32|
    |mul_ln700_4_fu_3287_p2    |     *    |      3|  0|  20|          32|          32|
    |mul_ln700_50_fu_3563_p2   |     *    |      3|  0|  20|          32|          32|
    |mul_ln700_51_fu_3569_p2   |     *    |      3|  0|  20|          32|          32|
    |mul_ln700_52_fu_3575_p2   |     *    |      3|  0|  20|          32|          32|
    |mul_ln700_53_fu_3581_p2   |     *    |      3|  0|  20|          32|          32|
    |mul_ln700_54_fu_3587_p2   |     *    |      3|  0|  20|          32|          32|
    |mul_ln700_55_fu_3593_p2   |     *    |      3|  0|  20|          32|          32|
    |mul_ln700_56_fu_3599_p2   |     *    |      3|  0|  20|          32|          32|
    |mul_ln700_57_fu_3605_p2   |     *    |      3|  0|  20|          32|          32|
    |mul_ln700_58_fu_3611_p2   |     *    |      3|  0|  20|          32|          32|
    |mul_ln700_59_fu_3617_p2   |     *    |      3|  0|  20|          32|          32|
    |mul_ln700_5_fu_3293_p2    |     *    |      3|  0|  20|          32|          32|
    |mul_ln700_60_fu_3623_p2   |     *    |      3|  0|  20|          32|          32|
    |mul_ln700_61_fu_3629_p2   |     *    |      3|  0|  20|          32|          32|
    |mul_ln700_62_fu_3635_p2   |     *    |      3|  0|  20|          32|          32|
    |mul_ln700_63_fu_3641_p2   |     *    |      3|  0|  20|          32|          32|
    |mul_ln700_6_fu_3299_p2    |     *    |      3|  0|  20|          32|          32|
    |mul_ln700_7_fu_3305_p2    |     *    |      3|  0|  20|          32|          32|
    |mul_ln700_8_fu_3311_p2    |     *    |      3|  0|  20|          32|          32|
    |mul_ln700_9_fu_3317_p2    |     *    |      3|  0|  20|          32|          32|
    |mul_ln700_fu_3263_p2      |     *    |      3|  0|  20|          32|          32|
    |add_ln12_1_fu_3103_p2     |     +    |      0|  0|  15|           1|           7|
    |add_ln12_fu_3083_p2       |     +    |      0|  0|  20|          13|           1|
    |add_ln700_10_fu_3701_p2   |     +    |      0|  0|  32|          32|          32|
    |add_ln700_11_fu_3707_p2   |     +    |      0|  0|  39|          32|          32|
    |add_ln700_12_fu_3713_p2   |     +    |      0|  0|  32|          32|          32|
    |add_ln700_13_fu_3719_p2   |     +    |      0|  0|  32|          32|          32|
    |add_ln700_14_fu_3969_p2   |     +    |      0|  0|  32|          32|          32|
    |add_ln700_15_fu_3725_p2   |     +    |      0|  0|  32|          32|          32|
    |add_ln700_16_fu_3731_p2   |     +    |      0|  0|  39|          32|          32|
    |add_ln700_17_fu_3737_p2   |     +    |      0|  0|  32|          32|          32|
    |add_ln700_18_fu_3743_p2   |     +    |      0|  0|  32|          32|          32|
    |add_ln700_19_fu_3749_p2   |     +    |      0|  0|  39|          32|          32|
    |add_ln700_1_fu_3653_p2    |     +    |      0|  0|  39|          32|          32|
    |add_ln700_20_fu_3755_p2   |     +    |      0|  0|  32|          32|          32|
    |add_ln700_21_fu_3974_p2   |     +    |      0|  0|  32|          32|          32|
    |add_ln700_22_fu_3761_p2   |     +    |      0|  0|  39|          32|          32|
    |add_ln700_23_fu_3767_p2   |     +    |      0|  0|  39|          32|          32|
    |add_ln700_24_fu_3773_p2   |     +    |      0|  0|  32|          32|          32|
    |add_ln700_25_fu_3779_p2   |     +    |      0|  0|  32|          32|          32|
    |add_ln700_26_fu_3785_p2   |     +    |      0|  0|  39|          32|          32|
    |add_ln700_27_fu_3791_p2   |     +    |      0|  0|  32|          32|          32|
    |add_ln700_28_fu_3797_p2   |     +    |      0|  0|  32|          32|          32|
    |add_ln700_29_fu_3978_p2   |     +    |      0|  0|  32|          32|          32|
    |add_ln700_2_fu_3659_p2    |     +    |      0|  0|  32|          32|          32|
    |add_ln700_30_fu_3983_p2   |     +    |      0|  0|  32|          32|          32|
    |add_ln700_31_fu_3803_p2   |     +    |      0|  0|  39|          32|          32|
    |add_ln700_32_fu_3809_p2   |     +    |      0|  0|  39|          32|          32|
    |add_ln700_33_fu_3815_p2   |     +    |      0|  0|  32|          32|          32|
    |add_ln700_34_fu_3821_p2   |     +    |      0|  0|  32|          32|          32|
    |add_ln700_35_fu_3827_p2   |     +    |      0|  0|  39|          32|          32|
    |add_ln700_36_fu_3833_p2   |     +    |      0|  0|  32|          32|          32|
    |add_ln700_37_fu_3839_p2   |     +    |      0|  0|  32|          32|          32|
    |add_ln700_38_fu_3845_p2   |     +    |      0|  0|  39|          32|          32|
    |add_ln700_39_fu_3851_p2   |     +    |      0|  0|  39|          32|          32|
    |add_ln700_3_fu_3665_p2    |     +    |      0|  0|  32|          32|          32|
    |add_ln700_40_fu_3857_p2   |     +    |      0|  0|  32|          32|          32|
    |add_ln700_41_fu_3863_p2   |     +    |      0|  0|  32|          32|          32|
    |add_ln700_42_fu_3869_p2   |     +    |      0|  0|  39|          32|          32|
    |add_ln700_43_fu_3875_p2   |     +    |      0|  0|  32|          32|          32|
    |add_ln700_44_fu_3881_p2   |     +    |      0|  0|  32|          32|          32|
    |add_ln700_45_fu_3989_p2   |     +    |      0|  0|  32|          32|          32|
    |add_ln700_46_fu_3887_p2   |     +    |      0|  0|  32|          32|          32|
    |add_ln700_47_fu_3893_p2   |     +    |      0|  0|  39|          32|          32|
    |add_ln700_48_fu_3899_p2   |     +    |      0|  0|  32|          32|          32|
    |add_ln700_49_fu_3905_p2   |     +    |      0|  0|  32|          32|          32|
    |add_ln700_4_fu_3671_p2    |     +    |      0|  0|  39|          32|          32|
    |add_ln700_50_fu_3911_p2   |     +    |      0|  0|  39|          32|          32|
    |add_ln700_51_fu_3917_p2   |     +    |      0|  0|  32|          32|          32|
    |add_ln700_52_fu_3993_p2   |     +    |      0|  0|  32|          32|          32|
    |add_ln700_53_fu_3923_p2   |     +    |      0|  0|  39|          32|          32|
    |add_ln700_54_fu_3929_p2   |     +    |      0|  0|  39|          32|          32|
    |add_ln700_55_fu_3935_p2   |     +    |      0|  0|  32|          32|          32|
    |add_ln700_56_fu_3941_p2   |     +    |      0|  0|  32|          32|          32|
    |add_ln700_57_fu_3947_p2   |     +    |      0|  0|  39|          32|          32|
    |add_ln700_58_fu_3953_p2   |     +    |      0|  0|  32|          32|          32|
    |add_ln700_59_fu_3959_p2   |     +    |      0|  0|  32|          32|          32|
    |add_ln700_5_fu_3677_p2    |     +    |      0|  0|  32|          32|          32|
    |add_ln700_60_fu_3997_p2   |     +    |      0|  0|  32|          32|          32|
    |add_ln700_61_fu_4002_p2   |     +    |      0|  0|  32|          32|          32|
    |add_ln700_62_fu_4008_p2   |     +    |      0|  0|  32|          32|          32|
    |add_ln700_6_fu_3965_p2    |     +    |      0|  0|  32|          32|          32|
    |add_ln700_7_fu_3683_p2    |     +    |      0|  0|  39|          32|          32|
    |add_ln700_8_fu_3689_p2    |     +    |      0|  0|  39|          32|          32|
    |add_ln700_9_fu_3695_p2    |     +    |      0|  0|  32|          32|          32|
    |add_ln700_fu_3647_p2      |     +    |      0|  0|  32|          32|          32|
    |j_fu_3257_p2              |     +    |      0|  0|  15|           7|           1|
    |icmp_ln12_fu_3077_p2      |   icmp   |      0|  0|  13|          13|          14|
    |icmp_ln14_fu_3089_p2      |   icmp   |      0|  0|  11|           7|           8|
    |select_ln12_1_fu_3109_p3  |  select  |      0|  0|   7|           1|           7|
    |select_ln12_fu_3095_p3    |  select  |      0|  0|   7|           1|           1|
    |ap_enable_pp0             |    xor   |      0|  0|   2|           1|           2|
    |ap_enable_reg_pp0_iter1   |    xor   |      0|  0|   2|           2|           1|
    +--------------------------+----------+-------+---+----+------------+------------+
    |Total                     |          |    192|  0|3535|        4110|        4106|
    +--------------------------+----------+-------+---+----+------------+------------+

    * Multiplexer: 
    +-------------------------------+----+-----------+-----+-----------+
    |              Name             | LUT| Input Size| Bits| Total Bits|
    +-------------------------------+----+-----------+-----+-----------+
    |ap_NS_fsm                      |  21|          4|    1|          4|
    |ap_enable_reg_pp0_iter1        |   9|          2|    1|          2|
    |ap_enable_reg_pp0_iter2        |   9|          2|    1|          2|
    |ap_phi_mux_i_0_phi_fu_3059_p4  |   9|          2|    7|         14|
    |i_0_reg_3055                   |   9|          2|    7|         14|
    |indvar_flatten_reg_3044        |   9|          2|   13|         26|
    |j_0_reg_3066                   |   9|          2|    7|         14|
    +-------------------------------+----+-----------+-----+-----------+
    |Total                          |  75|         16|   37|         76|
    +-------------------------------+----+-----------+-----+-----------+

    * Register: 
    +------------------------------------+----+----+-----+-----------+
    |                Name                | FF | LUT| Bits| Const Bits|
    +------------------------------------+----+----+-----+-----------+
    |add_ln700_13_reg_4819               |  32|   0|   32|          0|
    |add_ln700_17_reg_4824               |  32|   0|   32|          0|
    |add_ln700_20_reg_4829               |  32|   0|   32|          0|
    |add_ln700_28_reg_4834               |  32|   0|   32|          0|
    |add_ln700_2_reg_4809                |  32|   0|   32|          0|
    |add_ln700_37_reg_4839               |  32|   0|   32|          0|
    |add_ln700_44_reg_4844               |  32|   0|   32|          0|
    |add_ln700_48_reg_4849               |  32|   0|   32|          0|
    |add_ln700_51_reg_4854               |  32|   0|   32|          0|
    |add_ln700_59_reg_4859               |  32|   0|   32|          0|
    |add_ln700_5_reg_4814                |  32|   0|   32|          0|
    |ap_CS_fsm                           |   3|   0|    3|          0|
    |ap_enable_reg_pp0_iter0             |   1|   0|    1|          0|
    |ap_enable_reg_pp0_iter1             |   1|   0|    1|          0|
    |ap_enable_reg_pp0_iter2             |   1|   0|    1|          0|
    |i_0_reg_3055                        |   7|   0|    7|          0|
    |icmp_ln12_reg_4078                  |   1|   0|    1|          0|
    |indvar_flatten_reg_3044             |  13|   0|   13|          0|
    |j_0_reg_3066                        |   7|   0|    7|          0|
    |select_ln12_1_reg_4087              |   7|   0|    7|          0|
    |trunc_ln180_reg_4160                |   6|   0|    6|          0|
    |trunc_ln180_reg_4160_pp0_iter1_reg  |   6|   0|    6|          0|
    |zext_ln12_reg_4092                  |   7|   0|   64|         57|
    |zext_ln12_reg_4092_pp0_iter1_reg    |   7|   0|   64|         57|
    +------------------------------------+----+----+-----+-----------+
    |Total                               | 419|   0|  533|        114|
    +------------------------------------+----+----+-----+-----------+



================================================================
== Interface
================================================================
* Summary: 
+-----------------+-----+-----+------------+--------------+--------------+
|    RTL Ports    | Dir | Bits|  Protocol  | Source Object|    C Type    |
+-----------------+-----+-----+------------+--------------+--------------+
|ap_clk           |  in |    1| ap_ctrl_hs |    example   | return value |
|ap_rst           |  in |    1| ap_ctrl_hs |    example   | return value |
|ap_start         |  in |    1| ap_ctrl_hs |    example   | return value |
|ap_done          | out |    1| ap_ctrl_hs |    example   | return value |
|ap_idle          | out |    1| ap_ctrl_hs |    example   | return value |
|ap_ready         | out |    1| ap_ctrl_hs |    example   | return value |
|A_0_V_address0   | out |    6|  ap_memory |     A_0_V    |     array    |
|A_0_V_ce0        | out |    1|  ap_memory |     A_0_V    |     array    |
|A_0_V_q0         |  in |   32|  ap_memory |     A_0_V    |     array    |
|A_1_V_address0   | out |    6|  ap_memory |     A_1_V    |     array    |
|A_1_V_ce0        | out |    1|  ap_memory |     A_1_V    |     array    |
|A_1_V_q0         |  in |   32|  ap_memory |     A_1_V    |     array    |
|A_2_V_address0   | out |    6|  ap_memory |     A_2_V    |     array    |
|A_2_V_ce0        | out |    1|  ap_memory |     A_2_V    |     array    |
|A_2_V_q0         |  in |   32|  ap_memory |     A_2_V    |     array    |
|A_3_V_address0   | out |    6|  ap_memory |     A_3_V    |     array    |
|A_3_V_ce0        | out |    1|  ap_memory |     A_3_V    |     array    |
|A_3_V_q0         |  in |   32|  ap_memory |     A_3_V    |     array    |
|A_4_V_address0   | out |    6|  ap_memory |     A_4_V    |     array    |
|A_4_V_ce0        | out |    1|  ap_memory |     A_4_V    |     array    |
|A_4_V_q0         |  in |   32|  ap_memory |     A_4_V    |     array    |
|A_5_V_address0   | out |    6|  ap_memory |     A_5_V    |     array    |
|A_5_V_ce0        | out |    1|  ap_memory |     A_5_V    |     array    |
|A_5_V_q0         |  in |   32|  ap_memory |     A_5_V    |     array    |
|A_6_V_address0   | out |    6|  ap_memory |     A_6_V    |     array    |
|A_6_V_ce0        | out |    1|  ap_memory |     A_6_V    |     array    |
|A_6_V_q0         |  in |   32|  ap_memory |     A_6_V    |     array    |
|A_7_V_address0   | out |    6|  ap_memory |     A_7_V    |     array    |
|A_7_V_ce0        | out |    1|  ap_memory |     A_7_V    |     array    |
|A_7_V_q0         |  in |   32|  ap_memory |     A_7_V    |     array    |
|A_8_V_address0   | out |    6|  ap_memory |     A_8_V    |     array    |
|A_8_V_ce0        | out |    1|  ap_memory |     A_8_V    |     array    |
|A_8_V_q0         |  in |   32|  ap_memory |     A_8_V    |     array    |
|A_9_V_address0   | out |    6|  ap_memory |     A_9_V    |     array    |
|A_9_V_ce0        | out |    1|  ap_memory |     A_9_V    |     array    |
|A_9_V_q0         |  in |   32|  ap_memory |     A_9_V    |     array    |
|A_10_V_address0  | out |    6|  ap_memory |    A_10_V    |     array    |
|A_10_V_ce0       | out |    1|  ap_memory |    A_10_V    |     array    |
|A_10_V_q0        |  in |   32|  ap_memory |    A_10_V    |     array    |
|A_11_V_address0  | out |    6|  ap_memory |    A_11_V    |     array    |
|A_11_V_ce0       | out |    1|  ap_memory |    A_11_V    |     array    |
|A_11_V_q0        |  in |   32|  ap_memory |    A_11_V    |     array    |
|A_12_V_address0  | out |    6|  ap_memory |    A_12_V    |     array    |
|A_12_V_ce0       | out |    1|  ap_memory |    A_12_V    |     array    |
|A_12_V_q0        |  in |   32|  ap_memory |    A_12_V    |     array    |
|A_13_V_address0  | out |    6|  ap_memory |    A_13_V    |     array    |
|A_13_V_ce0       | out |    1|  ap_memory |    A_13_V    |     array    |
|A_13_V_q0        |  in |   32|  ap_memory |    A_13_V    |     array    |
|A_14_V_address0  | out |    6|  ap_memory |    A_14_V    |     array    |
|A_14_V_ce0       | out |    1|  ap_memory |    A_14_V    |     array    |
|A_14_V_q0        |  in |   32|  ap_memory |    A_14_V    |     array    |
|A_15_V_address0  | out |    6|  ap_memory |    A_15_V    |     array    |
|A_15_V_ce0       | out |    1|  ap_memory |    A_15_V    |     array    |
|A_15_V_q0        |  in |   32|  ap_memory |    A_15_V    |     array    |
|A_16_V_address0  | out |    6|  ap_memory |    A_16_V    |     array    |
|A_16_V_ce0       | out |    1|  ap_memory |    A_16_V    |     array    |
|A_16_V_q0        |  in |   32|  ap_memory |    A_16_V    |     array    |
|A_17_V_address0  | out |    6|  ap_memory |    A_17_V    |     array    |
|A_17_V_ce0       | out |    1|  ap_memory |    A_17_V    |     array    |
|A_17_V_q0        |  in |   32|  ap_memory |    A_17_V    |     array    |
|A_18_V_address0  | out |    6|  ap_memory |    A_18_V    |     array    |
|A_18_V_ce0       | out |    1|  ap_memory |    A_18_V    |     array    |
|A_18_V_q0        |  in |   32|  ap_memory |    A_18_V    |     array    |
|A_19_V_address0  | out |    6|  ap_memory |    A_19_V    |     array    |
|A_19_V_ce0       | out |    1|  ap_memory |    A_19_V    |     array    |
|A_19_V_q0        |  in |   32|  ap_memory |    A_19_V    |     array    |
|A_20_V_address0  | out |    6|  ap_memory |    A_20_V    |     array    |
|A_20_V_ce0       | out |    1|  ap_memory |    A_20_V    |     array    |
|A_20_V_q0        |  in |   32|  ap_memory |    A_20_V    |     array    |
|A_21_V_address0  | out |    6|  ap_memory |    A_21_V    |     array    |
|A_21_V_ce0       | out |    1|  ap_memory |    A_21_V    |     array    |
|A_21_V_q0        |  in |   32|  ap_memory |    A_21_V    |     array    |
|A_22_V_address0  | out |    6|  ap_memory |    A_22_V    |     array    |
|A_22_V_ce0       | out |    1|  ap_memory |    A_22_V    |     array    |
|A_22_V_q0        |  in |   32|  ap_memory |    A_22_V    |     array    |
|A_23_V_address0  | out |    6|  ap_memory |    A_23_V    |     array    |
|A_23_V_ce0       | out |    1|  ap_memory |    A_23_V    |     array    |
|A_23_V_q0        |  in |   32|  ap_memory |    A_23_V    |     array    |
|A_24_V_address0  | out |    6|  ap_memory |    A_24_V    |     array    |
|A_24_V_ce0       | out |    1|  ap_memory |    A_24_V    |     array    |
|A_24_V_q0        |  in |   32|  ap_memory |    A_24_V    |     array    |
|A_25_V_address0  | out |    6|  ap_memory |    A_25_V    |     array    |
|A_25_V_ce0       | out |    1|  ap_memory |    A_25_V    |     array    |
|A_25_V_q0        |  in |   32|  ap_memory |    A_25_V    |     array    |
|A_26_V_address0  | out |    6|  ap_memory |    A_26_V    |     array    |
|A_26_V_ce0       | out |    1|  ap_memory |    A_26_V    |     array    |
|A_26_V_q0        |  in |   32|  ap_memory |    A_26_V    |     array    |
|A_27_V_address0  | out |    6|  ap_memory |    A_27_V    |     array    |
|A_27_V_ce0       | out |    1|  ap_memory |    A_27_V    |     array    |
|A_27_V_q0        |  in |   32|  ap_memory |    A_27_V    |     array    |
|A_28_V_address0  | out |    6|  ap_memory |    A_28_V    |     array    |
|A_28_V_ce0       | out |    1|  ap_memory |    A_28_V    |     array    |
|A_28_V_q0        |  in |   32|  ap_memory |    A_28_V    |     array    |
|A_29_V_address0  | out |    6|  ap_memory |    A_29_V    |     array    |
|A_29_V_ce0       | out |    1|  ap_memory |    A_29_V    |     array    |
|A_29_V_q0        |  in |   32|  ap_memory |    A_29_V    |     array    |
|A_30_V_address0  | out |    6|  ap_memory |    A_30_V    |     array    |
|A_30_V_ce0       | out |    1|  ap_memory |    A_30_V    |     array    |
|A_30_V_q0        |  in |   32|  ap_memory |    A_30_V    |     array    |
|A_31_V_address0  | out |    6|  ap_memory |    A_31_V    |     array    |
|A_31_V_ce0       | out |    1|  ap_memory |    A_31_V    |     array    |
|A_31_V_q0        |  in |   32|  ap_memory |    A_31_V    |     array    |
|A_32_V_address0  | out |    6|  ap_memory |    A_32_V    |     array    |
|A_32_V_ce0       | out |    1|  ap_memory |    A_32_V    |     array    |
|A_32_V_q0        |  in |   32|  ap_memory |    A_32_V    |     array    |
|A_33_V_address0  | out |    6|  ap_memory |    A_33_V    |     array    |
|A_33_V_ce0       | out |    1|  ap_memory |    A_33_V    |     array    |
|A_33_V_q0        |  in |   32|  ap_memory |    A_33_V    |     array    |
|A_34_V_address0  | out |    6|  ap_memory |    A_34_V    |     array    |
|A_34_V_ce0       | out |    1|  ap_memory |    A_34_V    |     array    |
|A_34_V_q0        |  in |   32|  ap_memory |    A_34_V    |     array    |
|A_35_V_address0  | out |    6|  ap_memory |    A_35_V    |     array    |
|A_35_V_ce0       | out |    1|  ap_memory |    A_35_V    |     array    |
|A_35_V_q0        |  in |   32|  ap_memory |    A_35_V    |     array    |
|A_36_V_address0  | out |    6|  ap_memory |    A_36_V    |     array    |
|A_36_V_ce0       | out |    1|  ap_memory |    A_36_V    |     array    |
|A_36_V_q0        |  in |   32|  ap_memory |    A_36_V    |     array    |
|A_37_V_address0  | out |    6|  ap_memory |    A_37_V    |     array    |
|A_37_V_ce0       | out |    1|  ap_memory |    A_37_V    |     array    |
|A_37_V_q0        |  in |   32|  ap_memory |    A_37_V    |     array    |
|A_38_V_address0  | out |    6|  ap_memory |    A_38_V    |     array    |
|A_38_V_ce0       | out |    1|  ap_memory |    A_38_V    |     array    |
|A_38_V_q0        |  in |   32|  ap_memory |    A_38_V    |     array    |
|A_39_V_address0  | out |    6|  ap_memory |    A_39_V    |     array    |
|A_39_V_ce0       | out |    1|  ap_memory |    A_39_V    |     array    |
|A_39_V_q0        |  in |   32|  ap_memory |    A_39_V    |     array    |
|A_40_V_address0  | out |    6|  ap_memory |    A_40_V    |     array    |
|A_40_V_ce0       | out |    1|  ap_memory |    A_40_V    |     array    |
|A_40_V_q0        |  in |   32|  ap_memory |    A_40_V    |     array    |
|A_41_V_address0  | out |    6|  ap_memory |    A_41_V    |     array    |
|A_41_V_ce0       | out |    1|  ap_memory |    A_41_V    |     array    |
|A_41_V_q0        |  in |   32|  ap_memory |    A_41_V    |     array    |
|A_42_V_address0  | out |    6|  ap_memory |    A_42_V    |     array    |
|A_42_V_ce0       | out |    1|  ap_memory |    A_42_V    |     array    |
|A_42_V_q0        |  in |   32|  ap_memory |    A_42_V    |     array    |
|A_43_V_address0  | out |    6|  ap_memory |    A_43_V    |     array    |
|A_43_V_ce0       | out |    1|  ap_memory |    A_43_V    |     array    |
|A_43_V_q0        |  in |   32|  ap_memory |    A_43_V    |     array    |
|A_44_V_address0  | out |    6|  ap_memory |    A_44_V    |     array    |
|A_44_V_ce0       | out |    1|  ap_memory |    A_44_V    |     array    |
|A_44_V_q0        |  in |   32|  ap_memory |    A_44_V    |     array    |
|A_45_V_address0  | out |    6|  ap_memory |    A_45_V    |     array    |
|A_45_V_ce0       | out |    1|  ap_memory |    A_45_V    |     array    |
|A_45_V_q0        |  in |   32|  ap_memory |    A_45_V    |     array    |
|A_46_V_address0  | out |    6|  ap_memory |    A_46_V    |     array    |
|A_46_V_ce0       | out |    1|  ap_memory |    A_46_V    |     array    |
|A_46_V_q0        |  in |   32|  ap_memory |    A_46_V    |     array    |
|A_47_V_address0  | out |    6|  ap_memory |    A_47_V    |     array    |
|A_47_V_ce0       | out |    1|  ap_memory |    A_47_V    |     array    |
|A_47_V_q0        |  in |   32|  ap_memory |    A_47_V    |     array    |
|A_48_V_address0  | out |    6|  ap_memory |    A_48_V    |     array    |
|A_48_V_ce0       | out |    1|  ap_memory |    A_48_V    |     array    |
|A_48_V_q0        |  in |   32|  ap_memory |    A_48_V    |     array    |
|A_49_V_address0  | out |    6|  ap_memory |    A_49_V    |     array    |
|A_49_V_ce0       | out |    1|  ap_memory |    A_49_V    |     array    |
|A_49_V_q0        |  in |   32|  ap_memory |    A_49_V    |     array    |
|A_50_V_address0  | out |    6|  ap_memory |    A_50_V    |     array    |
|A_50_V_ce0       | out |    1|  ap_memory |    A_50_V    |     array    |
|A_50_V_q0        |  in |   32|  ap_memory |    A_50_V    |     array    |
|A_51_V_address0  | out |    6|  ap_memory |    A_51_V    |     array    |
|A_51_V_ce0       | out |    1|  ap_memory |    A_51_V    |     array    |
|A_51_V_q0        |  in |   32|  ap_memory |    A_51_V    |     array    |
|A_52_V_address0  | out |    6|  ap_memory |    A_52_V    |     array    |
|A_52_V_ce0       | out |    1|  ap_memory |    A_52_V    |     array    |
|A_52_V_q0        |  in |   32|  ap_memory |    A_52_V    |     array    |
|A_53_V_address0  | out |    6|  ap_memory |    A_53_V    |     array    |
|A_53_V_ce0       | out |    1|  ap_memory |    A_53_V    |     array    |
|A_53_V_q0        |  in |   32|  ap_memory |    A_53_V    |     array    |
|A_54_V_address0  | out |    6|  ap_memory |    A_54_V    |     array    |
|A_54_V_ce0       | out |    1|  ap_memory |    A_54_V    |     array    |
|A_54_V_q0        |  in |   32|  ap_memory |    A_54_V    |     array    |
|A_55_V_address0  | out |    6|  ap_memory |    A_55_V    |     array    |
|A_55_V_ce0       | out |    1|  ap_memory |    A_55_V    |     array    |
|A_55_V_q0        |  in |   32|  ap_memory |    A_55_V    |     array    |
|A_56_V_address0  | out |    6|  ap_memory |    A_56_V    |     array    |
|A_56_V_ce0       | out |    1|  ap_memory |    A_56_V    |     array    |
|A_56_V_q0        |  in |   32|  ap_memory |    A_56_V    |     array    |
|A_57_V_address0  | out |    6|  ap_memory |    A_57_V    |     array    |
|A_57_V_ce0       | out |    1|  ap_memory |    A_57_V    |     array    |
|A_57_V_q0        |  in |   32|  ap_memory |    A_57_V    |     array    |
|A_58_V_address0  | out |    6|  ap_memory |    A_58_V    |     array    |
|A_58_V_ce0       | out |    1|  ap_memory |    A_58_V    |     array    |
|A_58_V_q0        |  in |   32|  ap_memory |    A_58_V    |     array    |
|A_59_V_address0  | out |    6|  ap_memory |    A_59_V    |     array    |
|A_59_V_ce0       | out |    1|  ap_memory |    A_59_V    |     array    |
|A_59_V_q0        |  in |   32|  ap_memory |    A_59_V    |     array    |
|A_60_V_address0  | out |    6|  ap_memory |    A_60_V    |     array    |
|A_60_V_ce0       | out |    1|  ap_memory |    A_60_V    |     array    |
|A_60_V_q0        |  in |   32|  ap_memory |    A_60_V    |     array    |
|A_61_V_address0  | out |    6|  ap_memory |    A_61_V    |     array    |
|A_61_V_ce0       | out |    1|  ap_memory |    A_61_V    |     array    |
|A_61_V_q0        |  in |   32|  ap_memory |    A_61_V    |     array    |
|A_62_V_address0  | out |    6|  ap_memory |    A_62_V    |     array    |
|A_62_V_ce0       | out |    1|  ap_memory |    A_62_V    |     array    |
|A_62_V_q0        |  in |   32|  ap_memory |    A_62_V    |     array    |
|A_63_V_address0  | out |    6|  ap_memory |    A_63_V    |     array    |
|A_63_V_ce0       | out |    1|  ap_memory |    A_63_V    |     array    |
|A_63_V_q0        |  in |   32|  ap_memory |    A_63_V    |     array    |
|B_0_V_address0   | out |    6|  ap_memory |     B_0_V    |     array    |
|B_0_V_ce0        | out |    1|  ap_memory |     B_0_V    |     array    |
|B_0_V_q0         |  in |   32|  ap_memory |     B_0_V    |     array    |
|B_1_V_address0   | out |    6|  ap_memory |     B_1_V    |     array    |
|B_1_V_ce0        | out |    1|  ap_memory |     B_1_V    |     array    |
|B_1_V_q0         |  in |   32|  ap_memory |     B_1_V    |     array    |
|B_2_V_address0   | out |    6|  ap_memory |     B_2_V    |     array    |
|B_2_V_ce0        | out |    1|  ap_memory |     B_2_V    |     array    |
|B_2_V_q0         |  in |   32|  ap_memory |     B_2_V    |     array    |
|B_3_V_address0   | out |    6|  ap_memory |     B_3_V    |     array    |
|B_3_V_ce0        | out |    1|  ap_memory |     B_3_V    |     array    |
|B_3_V_q0         |  in |   32|  ap_memory |     B_3_V    |     array    |
|B_4_V_address0   | out |    6|  ap_memory |     B_4_V    |     array    |
|B_4_V_ce0        | out |    1|  ap_memory |     B_4_V    |     array    |
|B_4_V_q0         |  in |   32|  ap_memory |     B_4_V    |     array    |
|B_5_V_address0   | out |    6|  ap_memory |     B_5_V    |     array    |
|B_5_V_ce0        | out |    1|  ap_memory |     B_5_V    |     array    |
|B_5_V_q0         |  in |   32|  ap_memory |     B_5_V    |     array    |
|B_6_V_address0   | out |    6|  ap_memory |     B_6_V    |     array    |
|B_6_V_ce0        | out |    1|  ap_memory |     B_6_V    |     array    |
|B_6_V_q0         |  in |   32|  ap_memory |     B_6_V    |     array    |
|B_7_V_address0   | out |    6|  ap_memory |     B_7_V    |     array    |
|B_7_V_ce0        | out |    1|  ap_memory |     B_7_V    |     array    |
|B_7_V_q0         |  in |   32|  ap_memory |     B_7_V    |     array    |
|B_8_V_address0   | out |    6|  ap_memory |     B_8_V    |     array    |
|B_8_V_ce0        | out |    1|  ap_memory |     B_8_V    |     array    |
|B_8_V_q0         |  in |   32|  ap_memory |     B_8_V    |     array    |
|B_9_V_address0   | out |    6|  ap_memory |     B_9_V    |     array    |
|B_9_V_ce0        | out |    1|  ap_memory |     B_9_V    |     array    |
|B_9_V_q0         |  in |   32|  ap_memory |     B_9_V    |     array    |
|B_10_V_address0  | out |    6|  ap_memory |    B_10_V    |     array    |
|B_10_V_ce0       | out |    1|  ap_memory |    B_10_V    |     array    |
|B_10_V_q0        |  in |   32|  ap_memory |    B_10_V    |     array    |
|B_11_V_address0  | out |    6|  ap_memory |    B_11_V    |     array    |
|B_11_V_ce0       | out |    1|  ap_memory |    B_11_V    |     array    |
|B_11_V_q0        |  in |   32|  ap_memory |    B_11_V    |     array    |
|B_12_V_address0  | out |    6|  ap_memory |    B_12_V    |     array    |
|B_12_V_ce0       | out |    1|  ap_memory |    B_12_V    |     array    |
|B_12_V_q0        |  in |   32|  ap_memory |    B_12_V    |     array    |
|B_13_V_address0  | out |    6|  ap_memory |    B_13_V    |     array    |
|B_13_V_ce0       | out |    1|  ap_memory |    B_13_V    |     array    |
|B_13_V_q0        |  in |   32|  ap_memory |    B_13_V    |     array    |
|B_14_V_address0  | out |    6|  ap_memory |    B_14_V    |     array    |
|B_14_V_ce0       | out |    1|  ap_memory |    B_14_V    |     array    |
|B_14_V_q0        |  in |   32|  ap_memory |    B_14_V    |     array    |
|B_15_V_address0  | out |    6|  ap_memory |    B_15_V    |     array    |
|B_15_V_ce0       | out |    1|  ap_memory |    B_15_V    |     array    |
|B_15_V_q0        |  in |   32|  ap_memory |    B_15_V    |     array    |
|B_16_V_address0  | out |    6|  ap_memory |    B_16_V    |     array    |
|B_16_V_ce0       | out |    1|  ap_memory |    B_16_V    |     array    |
|B_16_V_q0        |  in |   32|  ap_memory |    B_16_V    |     array    |
|B_17_V_address0  | out |    6|  ap_memory |    B_17_V    |     array    |
|B_17_V_ce0       | out |    1|  ap_memory |    B_17_V    |     array    |
|B_17_V_q0        |  in |   32|  ap_memory |    B_17_V    |     array    |
|B_18_V_address0  | out |    6|  ap_memory |    B_18_V    |     array    |
|B_18_V_ce0       | out |    1|  ap_memory |    B_18_V    |     array    |
|B_18_V_q0        |  in |   32|  ap_memory |    B_18_V    |     array    |
|B_19_V_address0  | out |    6|  ap_memory |    B_19_V    |     array    |
|B_19_V_ce0       | out |    1|  ap_memory |    B_19_V    |     array    |
|B_19_V_q0        |  in |   32|  ap_memory |    B_19_V    |     array    |
|B_20_V_address0  | out |    6|  ap_memory |    B_20_V    |     array    |
|B_20_V_ce0       | out |    1|  ap_memory |    B_20_V    |     array    |
|B_20_V_q0        |  in |   32|  ap_memory |    B_20_V    |     array    |
|B_21_V_address0  | out |    6|  ap_memory |    B_21_V    |     array    |
|B_21_V_ce0       | out |    1|  ap_memory |    B_21_V    |     array    |
|B_21_V_q0        |  in |   32|  ap_memory |    B_21_V    |     array    |
|B_22_V_address0  | out |    6|  ap_memory |    B_22_V    |     array    |
|B_22_V_ce0       | out |    1|  ap_memory |    B_22_V    |     array    |
|B_22_V_q0        |  in |   32|  ap_memory |    B_22_V    |     array    |
|B_23_V_address0  | out |    6|  ap_memory |    B_23_V    |     array    |
|B_23_V_ce0       | out |    1|  ap_memory |    B_23_V    |     array    |
|B_23_V_q0        |  in |   32|  ap_memory |    B_23_V    |     array    |
|B_24_V_address0  | out |    6|  ap_memory |    B_24_V    |     array    |
|B_24_V_ce0       | out |    1|  ap_memory |    B_24_V    |     array    |
|B_24_V_q0        |  in |   32|  ap_memory |    B_24_V    |     array    |
|B_25_V_address0  | out |    6|  ap_memory |    B_25_V    |     array    |
|B_25_V_ce0       | out |    1|  ap_memory |    B_25_V    |     array    |
|B_25_V_q0        |  in |   32|  ap_memory |    B_25_V    |     array    |
|B_26_V_address0  | out |    6|  ap_memory |    B_26_V    |     array    |
|B_26_V_ce0       | out |    1|  ap_memory |    B_26_V    |     array    |
|B_26_V_q0        |  in |   32|  ap_memory |    B_26_V    |     array    |
|B_27_V_address0  | out |    6|  ap_memory |    B_27_V    |     array    |
|B_27_V_ce0       | out |    1|  ap_memory |    B_27_V    |     array    |
|B_27_V_q0        |  in |   32|  ap_memory |    B_27_V    |     array    |
|B_28_V_address0  | out |    6|  ap_memory |    B_28_V    |     array    |
|B_28_V_ce0       | out |    1|  ap_memory |    B_28_V    |     array    |
|B_28_V_q0        |  in |   32|  ap_memory |    B_28_V    |     array    |
|B_29_V_address0  | out |    6|  ap_memory |    B_29_V    |     array    |
|B_29_V_ce0       | out |    1|  ap_memory |    B_29_V    |     array    |
|B_29_V_q0        |  in |   32|  ap_memory |    B_29_V    |     array    |
|B_30_V_address0  | out |    6|  ap_memory |    B_30_V    |     array    |
|B_30_V_ce0       | out |    1|  ap_memory |    B_30_V    |     array    |
|B_30_V_q0        |  in |   32|  ap_memory |    B_30_V    |     array    |
|B_31_V_address0  | out |    6|  ap_memory |    B_31_V    |     array    |
|B_31_V_ce0       | out |    1|  ap_memory |    B_31_V    |     array    |
|B_31_V_q0        |  in |   32|  ap_memory |    B_31_V    |     array    |
|B_32_V_address0  | out |    6|  ap_memory |    B_32_V    |     array    |
|B_32_V_ce0       | out |    1|  ap_memory |    B_32_V    |     array    |
|B_32_V_q0        |  in |   32|  ap_memory |    B_32_V    |     array    |
|B_33_V_address0  | out |    6|  ap_memory |    B_33_V    |     array    |
|B_33_V_ce0       | out |    1|  ap_memory |    B_33_V    |     array    |
|B_33_V_q0        |  in |   32|  ap_memory |    B_33_V    |     array    |
|B_34_V_address0  | out |    6|  ap_memory |    B_34_V    |     array    |
|B_34_V_ce0       | out |    1|  ap_memory |    B_34_V    |     array    |
|B_34_V_q0        |  in |   32|  ap_memory |    B_34_V    |     array    |
|B_35_V_address0  | out |    6|  ap_memory |    B_35_V    |     array    |
|B_35_V_ce0       | out |    1|  ap_memory |    B_35_V    |     array    |
|B_35_V_q0        |  in |   32|  ap_memory |    B_35_V    |     array    |
|B_36_V_address0  | out |    6|  ap_memory |    B_36_V    |     array    |
|B_36_V_ce0       | out |    1|  ap_memory |    B_36_V    |     array    |
|B_36_V_q0        |  in |   32|  ap_memory |    B_36_V    |     array    |
|B_37_V_address0  | out |    6|  ap_memory |    B_37_V    |     array    |
|B_37_V_ce0       | out |    1|  ap_memory |    B_37_V    |     array    |
|B_37_V_q0        |  in |   32|  ap_memory |    B_37_V    |     array    |
|B_38_V_address0  | out |    6|  ap_memory |    B_38_V    |     array    |
|B_38_V_ce0       | out |    1|  ap_memory |    B_38_V    |     array    |
|B_38_V_q0        |  in |   32|  ap_memory |    B_38_V    |     array    |
|B_39_V_address0  | out |    6|  ap_memory |    B_39_V    |     array    |
|B_39_V_ce0       | out |    1|  ap_memory |    B_39_V    |     array    |
|B_39_V_q0        |  in |   32|  ap_memory |    B_39_V    |     array    |
|B_40_V_address0  | out |    6|  ap_memory |    B_40_V    |     array    |
|B_40_V_ce0       | out |    1|  ap_memory |    B_40_V    |     array    |
|B_40_V_q0        |  in |   32|  ap_memory |    B_40_V    |     array    |
|B_41_V_address0  | out |    6|  ap_memory |    B_41_V    |     array    |
|B_41_V_ce0       | out |    1|  ap_memory |    B_41_V    |     array    |
|B_41_V_q0        |  in |   32|  ap_memory |    B_41_V    |     array    |
|B_42_V_address0  | out |    6|  ap_memory |    B_42_V    |     array    |
|B_42_V_ce0       | out |    1|  ap_memory |    B_42_V    |     array    |
|B_42_V_q0        |  in |   32|  ap_memory |    B_42_V    |     array    |
|B_43_V_address0  | out |    6|  ap_memory |    B_43_V    |     array    |
|B_43_V_ce0       | out |    1|  ap_memory |    B_43_V    |     array    |
|B_43_V_q0        |  in |   32|  ap_memory |    B_43_V    |     array    |
|B_44_V_address0  | out |    6|  ap_memory |    B_44_V    |     array    |
|B_44_V_ce0       | out |    1|  ap_memory |    B_44_V    |     array    |
|B_44_V_q0        |  in |   32|  ap_memory |    B_44_V    |     array    |
|B_45_V_address0  | out |    6|  ap_memory |    B_45_V    |     array    |
|B_45_V_ce0       | out |    1|  ap_memory |    B_45_V    |     array    |
|B_45_V_q0        |  in |   32|  ap_memory |    B_45_V    |     array    |
|B_46_V_address0  | out |    6|  ap_memory |    B_46_V    |     array    |
|B_46_V_ce0       | out |    1|  ap_memory |    B_46_V    |     array    |
|B_46_V_q0        |  in |   32|  ap_memory |    B_46_V    |     array    |
|B_47_V_address0  | out |    6|  ap_memory |    B_47_V    |     array    |
|B_47_V_ce0       | out |    1|  ap_memory |    B_47_V    |     array    |
|B_47_V_q0        |  in |   32|  ap_memory |    B_47_V    |     array    |
|B_48_V_address0  | out |    6|  ap_memory |    B_48_V    |     array    |
|B_48_V_ce0       | out |    1|  ap_memory |    B_48_V    |     array    |
|B_48_V_q0        |  in |   32|  ap_memory |    B_48_V    |     array    |
|B_49_V_address0  | out |    6|  ap_memory |    B_49_V    |     array    |
|B_49_V_ce0       | out |    1|  ap_memory |    B_49_V    |     array    |
|B_49_V_q0        |  in |   32|  ap_memory |    B_49_V    |     array    |
|B_50_V_address0  | out |    6|  ap_memory |    B_50_V    |     array    |
|B_50_V_ce0       | out |    1|  ap_memory |    B_50_V    |     array    |
|B_50_V_q0        |  in |   32|  ap_memory |    B_50_V    |     array    |
|B_51_V_address0  | out |    6|  ap_memory |    B_51_V    |     array    |
|B_51_V_ce0       | out |    1|  ap_memory |    B_51_V    |     array    |
|B_51_V_q0        |  in |   32|  ap_memory |    B_51_V    |     array    |
|B_52_V_address0  | out |    6|  ap_memory |    B_52_V    |     array    |
|B_52_V_ce0       | out |    1|  ap_memory |    B_52_V    |     array    |
|B_52_V_q0        |  in |   32|  ap_memory |    B_52_V    |     array    |
|B_53_V_address0  | out |    6|  ap_memory |    B_53_V    |     array    |
|B_53_V_ce0       | out |    1|  ap_memory |    B_53_V    |     array    |
|B_53_V_q0        |  in |   32|  ap_memory |    B_53_V    |     array    |
|B_54_V_address0  | out |    6|  ap_memory |    B_54_V    |     array    |
|B_54_V_ce0       | out |    1|  ap_memory |    B_54_V    |     array    |
|B_54_V_q0        |  in |   32|  ap_memory |    B_54_V    |     array    |
|B_55_V_address0  | out |    6|  ap_memory |    B_55_V    |     array    |
|B_55_V_ce0       | out |    1|  ap_memory |    B_55_V    |     array    |
|B_55_V_q0        |  in |   32|  ap_memory |    B_55_V    |     array    |
|B_56_V_address0  | out |    6|  ap_memory |    B_56_V    |     array    |
|B_56_V_ce0       | out |    1|  ap_memory |    B_56_V    |     array    |
|B_56_V_q0        |  in |   32|  ap_memory |    B_56_V    |     array    |
|B_57_V_address0  | out |    6|  ap_memory |    B_57_V    |     array    |
|B_57_V_ce0       | out |    1|  ap_memory |    B_57_V    |     array    |
|B_57_V_q0        |  in |   32|  ap_memory |    B_57_V    |     array    |
|B_58_V_address0  | out |    6|  ap_memory |    B_58_V    |     array    |
|B_58_V_ce0       | out |    1|  ap_memory |    B_58_V    |     array    |
|B_58_V_q0        |  in |   32|  ap_memory |    B_58_V    |     array    |
|B_59_V_address0  | out |    6|  ap_memory |    B_59_V    |     array    |
|B_59_V_ce0       | out |    1|  ap_memory |    B_59_V    |     array    |
|B_59_V_q0        |  in |   32|  ap_memory |    B_59_V    |     array    |
|B_60_V_address0  | out |    6|  ap_memory |    B_60_V    |     array    |
|B_60_V_ce0       | out |    1|  ap_memory |    B_60_V    |     array    |
|B_60_V_q0        |  in |   32|  ap_memory |    B_60_V    |     array    |
|B_61_V_address0  | out |    6|  ap_memory |    B_61_V    |     array    |
|B_61_V_ce0       | out |    1|  ap_memory |    B_61_V    |     array    |
|B_61_V_q0        |  in |   32|  ap_memory |    B_61_V    |     array    |
|B_62_V_address0  | out |    6|  ap_memory |    B_62_V    |     array    |
|B_62_V_ce0       | out |    1|  ap_memory |    B_62_V    |     array    |
|B_62_V_q0        |  in |   32|  ap_memory |    B_62_V    |     array    |
|B_63_V_address0  | out |    6|  ap_memory |    B_63_V    |     array    |
|B_63_V_ce0       | out |    1|  ap_memory |    B_63_V    |     array    |
|B_63_V_q0        |  in |   32|  ap_memory |    B_63_V    |     array    |
|C_0_V_address0   | out |    6|  ap_memory |     C_0_V    |     array    |
|C_0_V_ce0        | out |    1|  ap_memory |     C_0_V    |     array    |
|C_0_V_we0        | out |    1|  ap_memory |     C_0_V    |     array    |
|C_0_V_d0         | out |   32|  ap_memory |     C_0_V    |     array    |
|C_1_V_address0   | out |    6|  ap_memory |     C_1_V    |     array    |
|C_1_V_ce0        | out |    1|  ap_memory |     C_1_V    |     array    |
|C_1_V_we0        | out |    1|  ap_memory |     C_1_V    |     array    |
|C_1_V_d0         | out |   32|  ap_memory |     C_1_V    |     array    |
|C_2_V_address0   | out |    6|  ap_memory |     C_2_V    |     array    |
|C_2_V_ce0        | out |    1|  ap_memory |     C_2_V    |     array    |
|C_2_V_we0        | out |    1|  ap_memory |     C_2_V    |     array    |
|C_2_V_d0         | out |   32|  ap_memory |     C_2_V    |     array    |
|C_3_V_address0   | out |    6|  ap_memory |     C_3_V    |     array    |
|C_3_V_ce0        | out |    1|  ap_memory |     C_3_V    |     array    |
|C_3_V_we0        | out |    1|  ap_memory |     C_3_V    |     array    |
|C_3_V_d0         | out |   32|  ap_memory |     C_3_V    |     array    |
|C_4_V_address0   | out |    6|  ap_memory |     C_4_V    |     array    |
|C_4_V_ce0        | out |    1|  ap_memory |     C_4_V    |     array    |
|C_4_V_we0        | out |    1|  ap_memory |     C_4_V    |     array    |
|C_4_V_d0         | out |   32|  ap_memory |     C_4_V    |     array    |
|C_5_V_address0   | out |    6|  ap_memory |     C_5_V    |     array    |
|C_5_V_ce0        | out |    1|  ap_memory |     C_5_V    |     array    |
|C_5_V_we0        | out |    1|  ap_memory |     C_5_V    |     array    |
|C_5_V_d0         | out |   32|  ap_memory |     C_5_V    |     array    |
|C_6_V_address0   | out |    6|  ap_memory |     C_6_V    |     array    |
|C_6_V_ce0        | out |    1|  ap_memory |     C_6_V    |     array    |
|C_6_V_we0        | out |    1|  ap_memory |     C_6_V    |     array    |
|C_6_V_d0         | out |   32|  ap_memory |     C_6_V    |     array    |
|C_7_V_address0   | out |    6|  ap_memory |     C_7_V    |     array    |
|C_7_V_ce0        | out |    1|  ap_memory |     C_7_V    |     array    |
|C_7_V_we0        | out |    1|  ap_memory |     C_7_V    |     array    |
|C_7_V_d0         | out |   32|  ap_memory |     C_7_V    |     array    |
|C_8_V_address0   | out |    6|  ap_memory |     C_8_V    |     array    |
|C_8_V_ce0        | out |    1|  ap_memory |     C_8_V    |     array    |
|C_8_V_we0        | out |    1|  ap_memory |     C_8_V    |     array    |
|C_8_V_d0         | out |   32|  ap_memory |     C_8_V    |     array    |
|C_9_V_address0   | out |    6|  ap_memory |     C_9_V    |     array    |
|C_9_V_ce0        | out |    1|  ap_memory |     C_9_V    |     array    |
|C_9_V_we0        | out |    1|  ap_memory |     C_9_V    |     array    |
|C_9_V_d0         | out |   32|  ap_memory |     C_9_V    |     array    |
|C_10_V_address0  | out |    6|  ap_memory |    C_10_V    |     array    |
|C_10_V_ce0       | out |    1|  ap_memory |    C_10_V    |     array    |
|C_10_V_we0       | out |    1|  ap_memory |    C_10_V    |     array    |
|C_10_V_d0        | out |   32|  ap_memory |    C_10_V    |     array    |
|C_11_V_address0  | out |    6|  ap_memory |    C_11_V    |     array    |
|C_11_V_ce0       | out |    1|  ap_memory |    C_11_V    |     array    |
|C_11_V_we0       | out |    1|  ap_memory |    C_11_V    |     array    |
|C_11_V_d0        | out |   32|  ap_memory |    C_11_V    |     array    |
|C_12_V_address0  | out |    6|  ap_memory |    C_12_V    |     array    |
|C_12_V_ce0       | out |    1|  ap_memory |    C_12_V    |     array    |
|C_12_V_we0       | out |    1|  ap_memory |    C_12_V    |     array    |
|C_12_V_d0        | out |   32|  ap_memory |    C_12_V    |     array    |
|C_13_V_address0  | out |    6|  ap_memory |    C_13_V    |     array    |
|C_13_V_ce0       | out |    1|  ap_memory |    C_13_V    |     array    |
|C_13_V_we0       | out |    1|  ap_memory |    C_13_V    |     array    |
|C_13_V_d0        | out |   32|  ap_memory |    C_13_V    |     array    |
|C_14_V_address0  | out |    6|  ap_memory |    C_14_V    |     array    |
|C_14_V_ce0       | out |    1|  ap_memory |    C_14_V    |     array    |
|C_14_V_we0       | out |    1|  ap_memory |    C_14_V    |     array    |
|C_14_V_d0        | out |   32|  ap_memory |    C_14_V    |     array    |
|C_15_V_address0  | out |    6|  ap_memory |    C_15_V    |     array    |
|C_15_V_ce0       | out |    1|  ap_memory |    C_15_V    |     array    |
|C_15_V_we0       | out |    1|  ap_memory |    C_15_V    |     array    |
|C_15_V_d0        | out |   32|  ap_memory |    C_15_V    |     array    |
|C_16_V_address0  | out |    6|  ap_memory |    C_16_V    |     array    |
|C_16_V_ce0       | out |    1|  ap_memory |    C_16_V    |     array    |
|C_16_V_we0       | out |    1|  ap_memory |    C_16_V    |     array    |
|C_16_V_d0        | out |   32|  ap_memory |    C_16_V    |     array    |
|C_17_V_address0  | out |    6|  ap_memory |    C_17_V    |     array    |
|C_17_V_ce0       | out |    1|  ap_memory |    C_17_V    |     array    |
|C_17_V_we0       | out |    1|  ap_memory |    C_17_V    |     array    |
|C_17_V_d0        | out |   32|  ap_memory |    C_17_V    |     array    |
|C_18_V_address0  | out |    6|  ap_memory |    C_18_V    |     array    |
|C_18_V_ce0       | out |    1|  ap_memory |    C_18_V    |     array    |
|C_18_V_we0       | out |    1|  ap_memory |    C_18_V    |     array    |
|C_18_V_d0        | out |   32|  ap_memory |    C_18_V    |     array    |
|C_19_V_address0  | out |    6|  ap_memory |    C_19_V    |     array    |
|C_19_V_ce0       | out |    1|  ap_memory |    C_19_V    |     array    |
|C_19_V_we0       | out |    1|  ap_memory |    C_19_V    |     array    |
|C_19_V_d0        | out |   32|  ap_memory |    C_19_V    |     array    |
|C_20_V_address0  | out |    6|  ap_memory |    C_20_V    |     array    |
|C_20_V_ce0       | out |    1|  ap_memory |    C_20_V    |     array    |
|C_20_V_we0       | out |    1|  ap_memory |    C_20_V    |     array    |
|C_20_V_d0        | out |   32|  ap_memory |    C_20_V    |     array    |
|C_21_V_address0  | out |    6|  ap_memory |    C_21_V    |     array    |
|C_21_V_ce0       | out |    1|  ap_memory |    C_21_V    |     array    |
|C_21_V_we0       | out |    1|  ap_memory |    C_21_V    |     array    |
|C_21_V_d0        | out |   32|  ap_memory |    C_21_V    |     array    |
|C_22_V_address0  | out |    6|  ap_memory |    C_22_V    |     array    |
|C_22_V_ce0       | out |    1|  ap_memory |    C_22_V    |     array    |
|C_22_V_we0       | out |    1|  ap_memory |    C_22_V    |     array    |
|C_22_V_d0        | out |   32|  ap_memory |    C_22_V    |     array    |
|C_23_V_address0  | out |    6|  ap_memory |    C_23_V    |     array    |
|C_23_V_ce0       | out |    1|  ap_memory |    C_23_V    |     array    |
|C_23_V_we0       | out |    1|  ap_memory |    C_23_V    |     array    |
|C_23_V_d0        | out |   32|  ap_memory |    C_23_V    |     array    |
|C_24_V_address0  | out |    6|  ap_memory |    C_24_V    |     array    |
|C_24_V_ce0       | out |    1|  ap_memory |    C_24_V    |     array    |
|C_24_V_we0       | out |    1|  ap_memory |    C_24_V    |     array    |
|C_24_V_d0        | out |   32|  ap_memory |    C_24_V    |     array    |
|C_25_V_address0  | out |    6|  ap_memory |    C_25_V    |     array    |
|C_25_V_ce0       | out |    1|  ap_memory |    C_25_V    |     array    |
|C_25_V_we0       | out |    1|  ap_memory |    C_25_V    |     array    |
|C_25_V_d0        | out |   32|  ap_memory |    C_25_V    |     array    |
|C_26_V_address0  | out |    6|  ap_memory |    C_26_V    |     array    |
|C_26_V_ce0       | out |    1|  ap_memory |    C_26_V    |     array    |
|C_26_V_we0       | out |    1|  ap_memory |    C_26_V    |     array    |
|C_26_V_d0        | out |   32|  ap_memory |    C_26_V    |     array    |
|C_27_V_address0  | out |    6|  ap_memory |    C_27_V    |     array    |
|C_27_V_ce0       | out |    1|  ap_memory |    C_27_V    |     array    |
|C_27_V_we0       | out |    1|  ap_memory |    C_27_V    |     array    |
|C_27_V_d0        | out |   32|  ap_memory |    C_27_V    |     array    |
|C_28_V_address0  | out |    6|  ap_memory |    C_28_V    |     array    |
|C_28_V_ce0       | out |    1|  ap_memory |    C_28_V    |     array    |
|C_28_V_we0       | out |    1|  ap_memory |    C_28_V    |     array    |
|C_28_V_d0        | out |   32|  ap_memory |    C_28_V    |     array    |
|C_29_V_address0  | out |    6|  ap_memory |    C_29_V    |     array    |
|C_29_V_ce0       | out |    1|  ap_memory |    C_29_V    |     array    |
|C_29_V_we0       | out |    1|  ap_memory |    C_29_V    |     array    |
|C_29_V_d0        | out |   32|  ap_memory |    C_29_V    |     array    |
|C_30_V_address0  | out |    6|  ap_memory |    C_30_V    |     array    |
|C_30_V_ce0       | out |    1|  ap_memory |    C_30_V    |     array    |
|C_30_V_we0       | out |    1|  ap_memory |    C_30_V    |     array    |
|C_30_V_d0        | out |   32|  ap_memory |    C_30_V    |     array    |
|C_31_V_address0  | out |    6|  ap_memory |    C_31_V    |     array    |
|C_31_V_ce0       | out |    1|  ap_memory |    C_31_V    |     array    |
|C_31_V_we0       | out |    1|  ap_memory |    C_31_V    |     array    |
|C_31_V_d0        | out |   32|  ap_memory |    C_31_V    |     array    |
|C_32_V_address0  | out |    6|  ap_memory |    C_32_V    |     array    |
|C_32_V_ce0       | out |    1|  ap_memory |    C_32_V    |     array    |
|C_32_V_we0       | out |    1|  ap_memory |    C_32_V    |     array    |
|C_32_V_d0        | out |   32|  ap_memory |    C_32_V    |     array    |
|C_33_V_address0  | out |    6|  ap_memory |    C_33_V    |     array    |
|C_33_V_ce0       | out |    1|  ap_memory |    C_33_V    |     array    |
|C_33_V_we0       | out |    1|  ap_memory |    C_33_V    |     array    |
|C_33_V_d0        | out |   32|  ap_memory |    C_33_V    |     array    |
|C_34_V_address0  | out |    6|  ap_memory |    C_34_V    |     array    |
|C_34_V_ce0       | out |    1|  ap_memory |    C_34_V    |     array    |
|C_34_V_we0       | out |    1|  ap_memory |    C_34_V    |     array    |
|C_34_V_d0        | out |   32|  ap_memory |    C_34_V    |     array    |
|C_35_V_address0  | out |    6|  ap_memory |    C_35_V    |     array    |
|C_35_V_ce0       | out |    1|  ap_memory |    C_35_V    |     array    |
|C_35_V_we0       | out |    1|  ap_memory |    C_35_V    |     array    |
|C_35_V_d0        | out |   32|  ap_memory |    C_35_V    |     array    |
|C_36_V_address0  | out |    6|  ap_memory |    C_36_V    |     array    |
|C_36_V_ce0       | out |    1|  ap_memory |    C_36_V    |     array    |
|C_36_V_we0       | out |    1|  ap_memory |    C_36_V    |     array    |
|C_36_V_d0        | out |   32|  ap_memory |    C_36_V    |     array    |
|C_37_V_address0  | out |    6|  ap_memory |    C_37_V    |     array    |
|C_37_V_ce0       | out |    1|  ap_memory |    C_37_V    |     array    |
|C_37_V_we0       | out |    1|  ap_memory |    C_37_V    |     array    |
|C_37_V_d0        | out |   32|  ap_memory |    C_37_V    |     array    |
|C_38_V_address0  | out |    6|  ap_memory |    C_38_V    |     array    |
|C_38_V_ce0       | out |    1|  ap_memory |    C_38_V    |     array    |
|C_38_V_we0       | out |    1|  ap_memory |    C_38_V    |     array    |
|C_38_V_d0        | out |   32|  ap_memory |    C_38_V    |     array    |
|C_39_V_address0  | out |    6|  ap_memory |    C_39_V    |     array    |
|C_39_V_ce0       | out |    1|  ap_memory |    C_39_V    |     array    |
|C_39_V_we0       | out |    1|  ap_memory |    C_39_V    |     array    |
|C_39_V_d0        | out |   32|  ap_memory |    C_39_V    |     array    |
|C_40_V_address0  | out |    6|  ap_memory |    C_40_V    |     array    |
|C_40_V_ce0       | out |    1|  ap_memory |    C_40_V    |     array    |
|C_40_V_we0       | out |    1|  ap_memory |    C_40_V    |     array    |
|C_40_V_d0        | out |   32|  ap_memory |    C_40_V    |     array    |
|C_41_V_address0  | out |    6|  ap_memory |    C_41_V    |     array    |
|C_41_V_ce0       | out |    1|  ap_memory |    C_41_V    |     array    |
|C_41_V_we0       | out |    1|  ap_memory |    C_41_V    |     array    |
|C_41_V_d0        | out |   32|  ap_memory |    C_41_V    |     array    |
|C_42_V_address0  | out |    6|  ap_memory |    C_42_V    |     array    |
|C_42_V_ce0       | out |    1|  ap_memory |    C_42_V    |     array    |
|C_42_V_we0       | out |    1|  ap_memory |    C_42_V    |     array    |
|C_42_V_d0        | out |   32|  ap_memory |    C_42_V    |     array    |
|C_43_V_address0  | out |    6|  ap_memory |    C_43_V    |     array    |
|C_43_V_ce0       | out |    1|  ap_memory |    C_43_V    |     array    |
|C_43_V_we0       | out |    1|  ap_memory |    C_43_V    |     array    |
|C_43_V_d0        | out |   32|  ap_memory |    C_43_V    |     array    |
|C_44_V_address0  | out |    6|  ap_memory |    C_44_V    |     array    |
|C_44_V_ce0       | out |    1|  ap_memory |    C_44_V    |     array    |
|C_44_V_we0       | out |    1|  ap_memory |    C_44_V    |     array    |
|C_44_V_d0        | out |   32|  ap_memory |    C_44_V    |     array    |
|C_45_V_address0  | out |    6|  ap_memory |    C_45_V    |     array    |
|C_45_V_ce0       | out |    1|  ap_memory |    C_45_V    |     array    |
|C_45_V_we0       | out |    1|  ap_memory |    C_45_V    |     array    |
|C_45_V_d0        | out |   32|  ap_memory |    C_45_V    |     array    |
|C_46_V_address0  | out |    6|  ap_memory |    C_46_V    |     array    |
|C_46_V_ce0       | out |    1|  ap_memory |    C_46_V    |     array    |
|C_46_V_we0       | out |    1|  ap_memory |    C_46_V    |     array    |
|C_46_V_d0        | out |   32|  ap_memory |    C_46_V    |     array    |
|C_47_V_address0  | out |    6|  ap_memory |    C_47_V    |     array    |
|C_47_V_ce0       | out |    1|  ap_memory |    C_47_V    |     array    |
|C_47_V_we0       | out |    1|  ap_memory |    C_47_V    |     array    |
|C_47_V_d0        | out |   32|  ap_memory |    C_47_V    |     array    |
|C_48_V_address0  | out |    6|  ap_memory |    C_48_V    |     array    |
|C_48_V_ce0       | out |    1|  ap_memory |    C_48_V    |     array    |
|C_48_V_we0       | out |    1|  ap_memory |    C_48_V    |     array    |
|C_48_V_d0        | out |   32|  ap_memory |    C_48_V    |     array    |
|C_49_V_address0  | out |    6|  ap_memory |    C_49_V    |     array    |
|C_49_V_ce0       | out |    1|  ap_memory |    C_49_V    |     array    |
|C_49_V_we0       | out |    1|  ap_memory |    C_49_V    |     array    |
|C_49_V_d0        | out |   32|  ap_memory |    C_49_V    |     array    |
|C_50_V_address0  | out |    6|  ap_memory |    C_50_V    |     array    |
|C_50_V_ce0       | out |    1|  ap_memory |    C_50_V    |     array    |
|C_50_V_we0       | out |    1|  ap_memory |    C_50_V    |     array    |
|C_50_V_d0        | out |   32|  ap_memory |    C_50_V    |     array    |
|C_51_V_address0  | out |    6|  ap_memory |    C_51_V    |     array    |
|C_51_V_ce0       | out |    1|  ap_memory |    C_51_V    |     array    |
|C_51_V_we0       | out |    1|  ap_memory |    C_51_V    |     array    |
|C_51_V_d0        | out |   32|  ap_memory |    C_51_V    |     array    |
|C_52_V_address0  | out |    6|  ap_memory |    C_52_V    |     array    |
|C_52_V_ce0       | out |    1|  ap_memory |    C_52_V    |     array    |
|C_52_V_we0       | out |    1|  ap_memory |    C_52_V    |     array    |
|C_52_V_d0        | out |   32|  ap_memory |    C_52_V    |     array    |
|C_53_V_address0  | out |    6|  ap_memory |    C_53_V    |     array    |
|C_53_V_ce0       | out |    1|  ap_memory |    C_53_V    |     array    |
|C_53_V_we0       | out |    1|  ap_memory |    C_53_V    |     array    |
|C_53_V_d0        | out |   32|  ap_memory |    C_53_V    |     array    |
|C_54_V_address0  | out |    6|  ap_memory |    C_54_V    |     array    |
|C_54_V_ce0       | out |    1|  ap_memory |    C_54_V    |     array    |
|C_54_V_we0       | out |    1|  ap_memory |    C_54_V    |     array    |
|C_54_V_d0        | out |   32|  ap_memory |    C_54_V    |     array    |
|C_55_V_address0  | out |    6|  ap_memory |    C_55_V    |     array    |
|C_55_V_ce0       | out |    1|  ap_memory |    C_55_V    |     array    |
|C_55_V_we0       | out |    1|  ap_memory |    C_55_V    |     array    |
|C_55_V_d0        | out |   32|  ap_memory |    C_55_V    |     array    |
|C_56_V_address0  | out |    6|  ap_memory |    C_56_V    |     array    |
|C_56_V_ce0       | out |    1|  ap_memory |    C_56_V    |     array    |
|C_56_V_we0       | out |    1|  ap_memory |    C_56_V    |     array    |
|C_56_V_d0        | out |   32|  ap_memory |    C_56_V    |     array    |
|C_57_V_address0  | out |    6|  ap_memory |    C_57_V    |     array    |
|C_57_V_ce0       | out |    1|  ap_memory |    C_57_V    |     array    |
|C_57_V_we0       | out |    1|  ap_memory |    C_57_V    |     array    |
|C_57_V_d0        | out |   32|  ap_memory |    C_57_V    |     array    |
|C_58_V_address0  | out |    6|  ap_memory |    C_58_V    |     array    |
|C_58_V_ce0       | out |    1|  ap_memory |    C_58_V    |     array    |
|C_58_V_we0       | out |    1|  ap_memory |    C_58_V    |     array    |
|C_58_V_d0        | out |   32|  ap_memory |    C_58_V    |     array    |
|C_59_V_address0  | out |    6|  ap_memory |    C_59_V    |     array    |
|C_59_V_ce0       | out |    1|  ap_memory |    C_59_V    |     array    |
|C_59_V_we0       | out |    1|  ap_memory |    C_59_V    |     array    |
|C_59_V_d0        | out |   32|  ap_memory |    C_59_V    |     array    |
|C_60_V_address0  | out |    6|  ap_memory |    C_60_V    |     array    |
|C_60_V_ce0       | out |    1|  ap_memory |    C_60_V    |     array    |
|C_60_V_we0       | out |    1|  ap_memory |    C_60_V    |     array    |
|C_60_V_d0        | out |   32|  ap_memory |    C_60_V    |     array    |
|C_61_V_address0  | out |    6|  ap_memory |    C_61_V    |     array    |
|C_61_V_ce0       | out |    1|  ap_memory |    C_61_V    |     array    |
|C_61_V_we0       | out |    1|  ap_memory |    C_61_V    |     array    |
|C_61_V_d0        | out |   32|  ap_memory |    C_61_V    |     array    |
|C_62_V_address0  | out |    6|  ap_memory |    C_62_V    |     array    |
|C_62_V_ce0       | out |    1|  ap_memory |    C_62_V    |     array    |
|C_62_V_we0       | out |    1|  ap_memory |    C_62_V    |     array    |
|C_62_V_d0        | out |   32|  ap_memory |    C_62_V    |     array    |
|C_63_V_address0  | out |    6|  ap_memory |    C_63_V    |     array    |
|C_63_V_ce0       | out |    1|  ap_memory |    C_63_V    |     array    |
|C_63_V_we0       | out |    1|  ap_memory |    C_63_V    |     array    |
|C_63_V_d0        | out |   32|  ap_memory |    C_63_V    |     array    |
+-----------------+-----+-----+------------+--------------+--------------+

